GIT Commands 
------------

LaVijayHari@LaVijayHari-PC MINGW64 /usr/bin
$ cd "d:\learning\git"

LaVijayHari@LaVijayHari-PC MINGW64 /d/learning/git
$ git init DemoApp
Initialized empty Git repository in D:/Learning/git/DemoApp/.git/

LaVijayHari@LaVijayHari-PC MINGW64 /d/learning/git
$ cd DemoApp

LaVijayHari@LaVijayHari-PC MINGW64 /d/learning/git/DemoApp (master)
$ ls -la
total 4
drwxr-xr-x 1 LaVijayHari 197121 0 May 18 20:52 ./
drwxr-xr-x 1 LaVijayHari 197121 0 May 18 20:52 ../
drwxr-xr-x 1 LaVijayHari 197121 0 May 18 20:52 .git/

LaVijayHari@LaVijayHari-PC MINGW64 /d/learning/git/DemoApp (master)
$ git status
On branch master

No commits yet

nothing to commit (create/copy files and use "git add" to track)

LaVijayHari@LaVijayHari-PC MINGW64 /d/learning/git/DemoApp (master)
$ notepad++ README.md

LaVijayHari@LaVijayHari-PC MINGW64 /d/learning/git/DemoApp (master)
$ git status
On branch master

No commits yet

Untracked files:
  (use "git add <file>..." to include in what will be committed)

        README.md

nothing added to commit but untracked files present (use "git add" to track)

LaVijayHari@LaVijayHari-PC MINGW64 /d/learning/git/DemoApp (master)
$  git add README.md

LaVijayHari@LaVijayHari-PC MINGW64 /d/learning/git/DemoApp (master)
$ git status
On branch master

No commits yet

Changes to be committed:
  (use "git rm --cached <file>..." to unstage)

        new file:   README.md


LaVijayHari@LaVijayHari-PC MINGW64 /d/learning/git/DemoApp (master)
$ git commit -m "Initial commit"
[master (root-commit) 41d055b] Initial commit
 1 file changed, 1 insertion(+)
 create mode 100644 README.md

LaVijayHari@LaVijayHari-PC MINGW64 /d/learning/git/DemoApp (master)
$ git status
On branch master
nothing to commit, working tree clean

LaVijayHari@LaVijayHari-PC MINGW64 /d/learning/git/DemoApp (master)
$ git status
On branch master
Untracked files:
  (use "git add <file>..." to include in what will be committed)

        Test1.txt
        Test2.txt

nothing added to commit but untracked files present (use "git add" to track)

LaVijayHari@LaVijayHari-PC MINGW64 /d/learning/git/DemoApp (master)
$ git add .

LaVijayHari@LaVijayHari-PC MINGW64 /d/learning/git/DemoApp (master)
$ git status
On branch master
Changes to be committed:
  (use "git reset HEAD <file>..." to unstage)

        new file:   Test1.txt
        new file:   Test2.txt


LaVijayHari@LaVijayHari-PC MINGW64 /d/learning/git/DemoApp (master)
$ git commit -m "Test files added"
[master e9c6a2a] Test files added
 2 files changed, 0 insertions(+), 0 deletions(-)
 create mode 100644 Test1.txt
 create mode 100644 Test2.txt

LaVijayHari@LaVijayHari-PC MINGW64 /d/learning/git/DemoApp (master)
$ git status
On branch master
nothing to commit, working tree clean

LaVijayHari@LaVijayHari-PC MINGW64 /d/learning/git/DemoApp (master)
$  ls -la
total 5
drwxr-xr-x 1 LaVijayHari 197121  0 May 18 21:00 ./
drwxr-xr-x 1 LaVijayHari 197121  0 May 18 20:52 ../
drwxr-xr-x 1 LaVijayHari 197121  0 May 18 21:00 .git/
-rw-r--r-- 1 LaVijayHari 197121 12 May 18 20:55 README.md
-rw-r--r-- 1 LaVijayHari 197121  0 May 18 20:58 Test1.txt
-rw-r--r-- 1 LaVijayHari 197121  0 May 18 20:58 Test2.txt

LaVijayHari@LaVijayHari-PC MINGW64 /d/learning/git/DemoApp (master)
$ git status
On branch master
nothing to commit, working tree clean

LaVijayHari@LaVijayHari-PC MINGW64 /d/learning/git/DemoApp (master)
$ git remote -v

LaVijayHari@LaVijayHari-PC MINGW64 /d/learning/git/DemoApp (master)
$ git remote add origin https://github.com/palakshman/firstRepo.git

LaVijayHari@LaVijayHari-PC MINGW64 /d/learning/git/DemoApp (master)
$ git remote -v
origin  https://github.com/palakshman/firstRepo.git (fetch)
origin  https://github.com/palakshman/firstRepo.git (push)

LaVijayHari@LaVijayHari-PC MINGW64 /d/learning/git/DemoApp (master)
$ git push -u origin master
Enumerating objects: 6, done.
Counting objects: 100% (6/6), done.
Delta compression using up to 8 threads
Compressing objects: 100% (3/3), done.
Writing objects: 100% (6/6), 485 bytes | 53.00 KiB/s, done.
Total 6 (delta 0), reused 0 (delta 0)
To https://github.com/palakshman/firstRepo.git
 * [new branch]      master -> master
Branch 'master' set up to track remote branch 'master' from 'origin'.

LaVijayHari@LaVijayHari-PC MINGW64 /d/learning/git/DemoApp (master)
$ ssh -T git@github.com
The authenticity of host 'github.com (192.30.253.112)' can't be established.
RSA key fingerprint is SHA256:nThbg6kXUpJWGl7E1IGOCspRomTxdCARLviKw6E5SY8.
Are you sure you want to continue connecting (yes/no)? y
Please type 'yes' or 'no': yes
Warning: Permanently added 'github.com,192.30.253.112' (RSA) to the list of known hosts.
git@github.com: Permission denied (publickey).

LaVijayHari@LaVijayHari-PC MINGW64 /d/learning/git/DemoApp (master)
$ dotnet stars:>1000
bash: dotnet: command not found

LaVijayHari@LaVijayHari-PC MINGW64 /d/learning/git/DemoApp (master)
$
